Renesas Optimizing Linker (W3.05.00 )             10-Oct-2024 12:39:34

*** Options ***

-MAKEUD=Release\Metrology Application.lk.ud
-subcommand=Release\Metrology Application.clnk
-Input=Release\bootloader.obj
-Input=Release\em_btable.obj
-Input=Release\em_cstart.obj
-Input=Release\em_call_linking.obj
-Input=Release\em_main.obj
-Input=Release\em_run_on_ram.obj
-Input=Release\dataflash.obj
-Input=Release\r_drv_lcd_ext.obj
-Input=Release\r_lcd_config.obj
-Input=Release\r_lcd_display.obj
-Input=Release\eeprom.obj
-Input=Release\platform.obj
-Input=Release\config_storage.obj
-Input=Release\storage_em.obj
-Input=Release\wrp_app_iic.obj
-Input=Release\wrp_app_mcu.obj
-Input=Release\r_cg_12adc.obj
-Input=Release\r_cg_cgc.obj
-Input=Release\r_cg_crc.obj
-Input=Release\r_cg_dsadc.obj
-Input=Release\r_cg_dsadc_user.obj
-Input=Release\r_cg_iica.obj
-Input=Release\r_cg_iica_user.obj
-Input=Release\r_cg_intp.obj
-Input=Release\r_cg_lcd.obj
-Input=Release\r_cg_lvd.obj
-Input=Release\r_cg_mac32bit.obj
-Input=Release\r_cg_mac32bit_user.obj
-Input=Release\r_cg_port.obj
-Input=Release\r_cg_rtc.obj
-Input=Release\r_cg_sau.obj
-Input=Release\r_cg_systeminit.obj
-Input=Release\r_cg_tau.obj
-Input=Release\r_cg_tmps.obj
-Input=Release\r_cg_wdt.obj
-Input=Release\wrp_em_adc.obj
-Input=Release\wrp_em_mcu.obj
-Input=Release\wrp_em_pulse.obj
-Input=Release\wrp_em_sw_property.obj
-Input=Release\wrp_em_timer.obj
-Input=Release\wrp_em_wdt.obj
-Input=Release\r_dscl_iirbiquad_config.obj
-Input=Release\wrp_em_adc_ram.obj
-Input=Release\r_cg_tau_user_em.obj
-LIBrary="..\..\shared\metrology\dc_detection\CCRL\ccrl_rl78i1c_sw_dc_correction v1.0.1.lib"
-LIBrary=..\..\shared\Flash\fdl\CCRL\librl78\pfdl.lib
-LIBrary=..\..\shared\Flash\fsl\CCRL\librl78\fsl.lib
-LIBrary=..\..\shared\metrology\filter\CCRL\r_dscl_iirbiquad_i32_onestage.lib
-LIBrary=..\..\shared\metrology\metrologylibrary\CCRL\230518_EMS2W_WQFR_NPL.lib
-SECURITY_ID=00000000000000000000
-DEVICE=C:\Program Files (x86)\Renesas Electronics\CS+\CC\Device\RL78\Devicefile\DR5F10NPL.DVF
-DEBug
-NOCOmpress
-NOOPtimize
-OUtput=Release\em_middleware.abs
-LIBrary=C:\Program Files (x86)\Renesas Electronics\CS+\CC\CC-RL\V1.12.01\lib\rl78em4s.lib
-LIBrary=C:\Program Files (x86)\Renesas Electronics\CS+\CC\CC-RL\V1.12.01\lib\malloc_n.lib
-LIBrary=C:\Program Files (x86)\Renesas Electronics\CS+\CC\CC-RL\V1.12.01\lib\rl78em4r.lib
-OCDBG=84
-DEBUG_MONITOR=3FE00-3FFFF
-USER_OPT_BYTE=7E3FA2
-ENTry=_bl_start
-LISt=Release\em_middleware.map
-SHow=ALL
-AUTO_SECTION_LAYOUT
-STARt=WrpRamTxR_n,EMRamTxR_n,Prefetch/f8500
-FSymbol=.textf
-FSymbol=.constf
-FSymbol=.data
-FSymbol=.bss
-FSymbol=EMText_f
-FSymbol=WrpRamTx_f
-FSymbol=EMRamTx_f
-ROm=.data=.dataR
-ROm=EMRamTx_f=EMRamTxR_n
-ROm=WrpRamTx_f=WrpRamTxR_n
-CPu=ROM=00000-0007f
-CPu=ROM=000c0-000d7
-CPu=ROM=34c00-3ffff
-CPu=RAM=f8500-fa7ff
-NOMessage
-CHange_message=Information=1195
-STACk
-Total_size
-NOLOgo
-end

*** Error information ***

*** Mapping List ***

SECTION                            START      END         SIZE   ALIGN
.vect
                                  00000000  0000007f        80   0
.option_byte
                                  000000c0  000000c3         4   1
.security_id
                                  000000c4  000000cd         a   1
.monitor1
                                  000000ce  000000d7         a   1
.branch_table_AT34C00
                                  00034c00  00034cff       100   1
.constf
                                  00034d00  000350ed       3ee   2
EMCnst_f
                                  000350ee  00035175        88   2
.data
                                  00035176  000351b9        44   2
PFDL_COD
                                  000351ba  00035247        8e   2
EMText_f
                                  00035248  000383d5      318e   1
EMTextI_f
                                  000383d6  00039603      122e   1
.textf
                                  00039604  0003d33a      3d37   1
EMRamTx_f
                                  0003d33b  0003d966       62c   1
WrpRamTx_f
                                  0003d967  0003d9ac        46   1
.RLIB
                                  0003d9ad  0003ecd2      1326   1
.SLIB
                                  0003ecd3  0003f425       753   1
.monitor2
                                  0003fe00  0003ffff       200   1
WrpRamTxR_n
                                  000f8500  000f8545        46   1
EMRamTxR_n
                                  000f8546  000f8b71       62c   1
Prefetch
                                  000f8b72  000f8b7b         a   1
.bss
                                  000f8b7c  000f9217       69c   2
.dataR
                                  000f9218  000f925b        44   2

*** Total Section Size ***

RAMDATA SECTION:  00000d52 Byte(s)
ROMDATA SECTION:  00000752 Byte(s)
PROGRAM SECTION:  0000a376 Byte(s)

*** Symbol List ***

SECTION=
FILE=                               START        END    SIZE
  SYMBOL                            ADDR        SIZE    INFO      COUNTS  OPT
    STRUCT                                      SIZE
      MEMBER                        ADDR        SIZE    INFO

SECTION=.vect
FILE=rlink_generates_04
                                  00000000  0000007f        80

SECTION=.option_byte
FILE=rlink_generates_01
                                  000000c0  000000c3         4

SECTION=.security_id
FILE=rlink_generates_03
                                  000000c4  000000cd         a

SECTION=.monitor1
FILE=rlink_generates_02
                                  000000ce  000000d7         a

SECTION=.branch_table_AT34C00
FILE=Release\em_btable.obj
                                  00034c00  00034cff       100

SECTION=.constf
FILE=Release\em_call_linking.obj
                                  00034d00  00034d00         1
  _g_dummy_enabled@1
                                  00034d00         1   data ,l         2
FILE=Release\r_lcd_config.obj
                                  00034d02  00034ff7       2f6
  _g_LCD_NumMap
                                  00034d02        50   data ,g         2
    struct tagLCDNumMap {
                                                   8
      _g_LCD_NumMap.pos
                                  00034d02         1   unsigned char
      _g_LCD_NumMap.addr
                                  00034d04         4   unsigned long
      _g_LCD_NumMap.type
                                  00034d08         1   enum tagLCDNumType
    }
  _g_LCD_NumType
                                  00034d52        19   data ,g         2
    struct tagLCDNumTypeValue {
                                                   1
      _g_LCD_NumType.typeA
                                  00034d52         1   unsigned char
    }
  _g_LCD_SignMap
                                  00034d6c       280   data ,g         2
    struct tagLCDSignMap {
                                                   8
      _g_LCD_SignMap.sign
                                  00034d6c         1   enum tagLCDEMSpecSign
      _g_LCD_SignMap.addr
                                  00034d6e         4   unsigned long
      _g_LCD_SignMap.pos
                                  00034d72         1   unsigned char
    }
  _g_DecInfo
                                  00034fec         2   data ,g         0
    struct tagLCDDecInfo {
                                                   2
      _g_DecInfo.pos
                                  00034fec         1   unsigned char
      _g_DecInfo.sign
                                  00034fed         1   enum tagLCDEMSpecSign
    }
  _g_DecInfo1
                                  00034fee         2   data ,g         0
    struct tagLCDDecInfo {
                                                   2
      _g_DecInfo1.pos
                                  00034fee         1   unsigned char
      _g_DecInfo1.sign
                                  00034fef         1   enum tagLCDEMSpecSign
    }
  _g_DecInfo2
                                  00034ff0         2   data ,g         0
    struct tagLCDDecInfo {
                                                   2
      _g_DecInfo2.pos
                                  00034ff0         1   unsigned char
      _g_DecInfo2.sign
                                  00034ff1         1   enum tagLCDEMSpecSign
    }
  _g_DecInfo3
                                  00034ff2         2   data ,g         0
    struct tagLCDDecInfo {
                                                   2
      _g_DecInfo3.pos
                                  00034ff2         1   unsigned char
      _g_DecInfo3.sign
                                  00034ff3         1   enum tagLCDEMSpecSign
    }
  _g_DecInfo4
                                  00034ff4         2   data ,g         0
    struct tagLCDDecInfo {
                                                   2
      _g_DecInfo4.pos
                                  00034ff4         1   unsigned char
      _g_DecInfo4.sign
                                  00034ff5         1   enum tagLCDEMSpecSign
    }
  _g_DecInfo5
                                  00034ff6         2   data ,g         0
    struct tagLCDDecInfo {
                                                   2
      _g_DecInfo5.pos
                                  00034ff6         1   unsigned char
      _g_DecInfo5.sign
                                  00034ff7         1   enum tagLCDEMSpecSign
    }
FILE=Release\platform.obj
                                  00034ff8  00035051        5a
  _g_EM_DefaultProperty
                                  00034ff8         2   data ,g         2
    struct tagEMPlatformProperty {
                                                   2
      _g_EM_DefaultProperty.target_ac_source_frequency
                                  00034ff8         1   unsigned char
      _g_EM_DefaultProperty.reserved
                                  00034ff9         1   unsigned char
    }
  _g_EM_DefaultCalibPhaseAngleList
                                  00034ffa         8   data ,g         2
  _g_EM_DefaultCalibNeutralAngleList
                                  00035002         8   data ,g         2
  _g_EM_DefaultCalibPhaseGainValueList
                                  0003500a         8   data ,g         2
  _g_EM_DefaultCalibNeutralGainValueList
                                  00035012         8   data ,g         2
  _g_EM_DefaultCalibration
                                  0003501a        38   data ,g         3
    struct tagEMCalibration {
                                                  38
      _g_EM_DefaultCalibration.sampling_frequency
                                  0003501a         4   float
      _g_EM_DefaultCalibration.coeff
                                  0003501e        24
    struct  {
                                                  24
      _g_EM_DefaultCalibration.coeff.vrms
                                  0003501e         4   float
      _g_EM_DefaultCalibration.coeff.i1rms
                                  00035022         4   float
      _g_EM_DefaultCalibration.coeff.i2rms
                                  00035026         4   float
      _g_EM_DefaultCalibration.coeff.active_power
                                  0003502a         4   float
      _g_EM_DefaultCalibration.coeff.reactive_power
                                  0003502e         4   float
      _g_EM_DefaultCalibration.coeff.apparent_power
                                  00035032         4   float
      _g_EM_DefaultCalibration.coeff.active_power2
                                  00035036         4   float
      _g_EM_DefaultCalibration.coeff.reactive_power2
                                  0003503a         4   float
      _g_EM_DefaultCalibration.coeff.apparent_power2
                                  0003503e         4   float
    }
      _g_EM_DefaultCalibration.sw_phase_correction
                                  00035042         8
    struct  {
                                                   8
      _g_EM_DefaultCalibration.sw_phase_correction.i1_phase_degrees
                                  00035042         4   [far pointer]
      _g_EM_DefaultCalibration.sw_phase_correction.i2_phase_degrees
                                  00035046         4   [far pointer]
    }
      _g_EM_DefaultCalibration.sw_gain
                                  0003504a         8
    struct  {
                                                   8
      _g_EM_DefaultCalibration.sw_gain.i1_gain_values
                                  0003504a         4   [far pointer]
      _g_EM_DefaultCalibration.sw_gain.i2_gain_values
                                  0003504e         4   [far pointer]
    }
    }
FILE=Release\config_storage.obj
                                  00035052  00035055         4
  _g_dataflash_crc_block_addr
                                  00035052         2   data ,g         4
  _g_dataflash_crc_block_size
                                  00035054         2   data ,g         6
FILE=Release\r_cg_12adc.obj
                                  00035056  00035059         4
  _g_12ad_adansa0_gui
                                  00035056         2   data ,g         0
  _g_12ad_adexicr_gui
                                  00035058         2   data ,g         0
FILE=Release\wrp_em_sw_property.obj
                                  0003505a  000350ad        54
  _em_sw_property@1
                                  0003505a        54   data ,l         3
    struct tagEMSoftwareProperty {
                                                  54
      _em_sw_property@1.adc
                                  0003505a        14
    struct  {
                                                  14
      _em_sw_property@1.adc.gain_phase_num_level
                                  0003505a         1   unsigned char
      _em_sw_property@1.adc.gain_phase_upper_threshold
                                  0003505c         4   unsigned long
      _em_sw_property@1.adc.gain_phase_lower_threshold
                                  00035060         4   unsigned long
      _em_sw_property@1.adc.gain_neutral_num_level
                                  00035064         1   unsigned char
      _em_sw_property@1.adc.gain_neutral_upper_threshold
                                  00035066         4   unsigned long
      _em_sw_property@1.adc.gain_neutral_lower_threshold
                                  0003506a         4   unsigned long
    }
      _em_sw_property@1.operation
                                  0003506e        24
    struct  {
                                                  24
      _em_sw_property@1.operation.irms_noload_threshold
                                  0003506e         4   float
      _em_sw_property@1.operation.power_noload_threshold
                                  00035072         4   float
      _em_sw_property@1.operation.no_voltage_threshold
                                  00035076         4   float
      _em_sw_property@1.operation.freq_low_threshold
                                  0003507a         4   float
      _em_sw_property@1.operation.freq_high_threshold
                                  0003507e         4   float
      _em_sw_property@1.operation.earth_diff_threshold
                                  00035082         4   float
      _em_sw_property@1.operation.meter_constant
                                  00035086         4   unsigned long
      _em_sw_property@1.operation.pulse_on_time
                                  0003508a         4   float
      _em_sw_property@1.operation.energy_pulse_ratio
                                  0003508e         1   unsigned char
      _em_sw_property@1.operation.pulse_export_direction
                                  0003508f         1   unsigned char
      _em_sw_property@1.operation.enable_pulse_reactive
                                  00035090         1   unsigned char
      _em_sw_property@1.operation.enable_pulse_apparent
                                  00035091         1   unsigned char
    }
      _em_sw_property@1.rounding
                                  00035092         4
    struct  {
                                                   4
      _em_sw_property@1.rounding.power
                                  00035092         1   unsigned char
      _em_sw_property@1.rounding.rms
                                  00035093         1   unsigned char
      _em_sw_property@1.rounding.freq
                                  00035094         1   unsigned char
      _em_sw_property@1.rounding.pf
                                  00035095         1   unsigned char
    }
      _em_sw_property@1.samp
                                  00035096         4
    struct  {
                                                   4
      _em_sw_property@1.samp.shifting90_interpolation_error
                                  00035096         4   float
    }
      _em_sw_property@1.sag_swell
                                  0003509a        14
    struct  {
                                                  14
      _em_sw_property@1.sag_swell.sag_rms_rise_threshold
                                  0003509a         4   float
      _em_sw_property@1.sag_swell.sag_rms_fall_threshold
                                  0003509e         4   float
      _em_sw_property@1.sag_swell.swell_rms_rise_threshold
                                  000350a2         4   float
      _em_sw_property@1.sag_swell.swell_rms_fall_threshold
                                  000350a6         4   float
      _em_sw_property@1.sag_swell.sag_detection_half_cycle
                                  000350aa         2   unsigned short
      _em_sw_property@1.sag_swell.swell_detection_half_cycle
                                  000350ac         2   unsigned short
    }
    }
FILE=rl78_sw_dc_correction_config_default_f
                                  000350ae  000350c1        14
  _g_dc_imunity_config_default_4k_50Hz_f
                                  000350ae         a   data ,g         3
    struct tag_dc_imunity_config_t {
                                                   a
      _g_dc_imunity_config_default_4k_50Hz_f.peak_detect_cycle
                                  000350ae         2   unsigned short
      _g_dc_imunity_config_default_4k_50Hz_f.dc_continous_count
                                  000350b0         2   unsigned short
      _g_dc_imunity_config_default_4k_50Hz_f.max_dc_count
                                  000350b2         2   unsigned short
      _g_dc_imunity_config_default_4k_50Hz_f.dc_operation_max_sample_count
                                  000350b4         2   unsigned short
      _g_dc_imunity_config_default_4k_50Hz_f.dc_operation_min_sample_count
                                  000350b6         2   unsigned short
    }
  _g_dc_imunity_config_default_2k_50Hz_f
                                  000350b8         a   data ,g         0
    struct tag_dc_imunity_config_t {
                                                   a
      _g_dc_imunity_config_default_2k_50Hz_f.peak_detect_cycle
                                  000350b8         2   unsigned short
      _g_dc_imunity_config_default_2k_50Hz_f.dc_continous_count
                                  000350ba         2   unsigned short
      _g_dc_imunity_config_default_2k_50Hz_f.max_dc_count
                                  000350bc         2   unsigned short
      _g_dc_imunity_config_default_2k_50Hz_f.dc_operation_max_sample_count
                                  000350be         2   unsigned short
      _g_dc_imunity_config_default_2k_50Hz_f.dc_operation_min_sample_count
                                  000350c0         2   unsigned short
    }
FILE=_REL_sincosfsub
                                  000350c2  000350ed        2c
  _sinf_coeff@1
                                  000350c2        10   data ,l         9
  _cosf_coeff@2
                                  000350d2        10   data ,l         9
  _pi4ptr_table@3
                                  000350e2         c   data ,l         8

SECTION=EMCnst_f
FILE=em_operation
                                  000350ee  00035115        28
  _g_const_round_y_negative@1
                                  000350ee        14   data ,l         2
  _g_const_round_y_positive@2
                                  00035102        14   data ,l         2
FILE=em_calib_sampling
                                  00035116  00035141        2c
  _g_calib_angle_data@1
                                  00035116        2c   data ,l         3
FILE=em_systemdata
                                  00035142  00035175        34
  _g_em_lib_type
                                  00035142         a   data ,g         0
  _g_em_lib_target_platform
                                  0003514c         9   data ,g         0
  _g_em_lib_git_revision
                                  00035155         9   data ,g         0
  _g_em_lib_compiler
                                  0003515e        11   data ,g         0
  _g_em_lib_build_date
                                  0003516f         7   data ,g         0

SECTION=.data
FILE=Release\dataflash.obj
                                  00035176  00035177         2
FILE=Release\eeprom.obj
                                  00035178  00035179         2
FILE=Release\config_storage.obj
                                  0003517a  0003517d         4
FILE=Release\wrp_em_adc.obj
                                  0003517e  00035185         8
FILE=Release\r_dscl_iirbiquad_config.obj
                                  00035186  00035199        14
FILE=sqrtf
                                  0003519a  000351a7         e
FILE=errno
                                  000351a8  000351a9         2
FILE=_REL_sincosfsub
                                  000351aa  000351b9        10

SECTION=PFDL_COD
FILE=pfdl
                                  000351ba  00035247        8e
  _PFDL_Open
                                  000351ba         0   none ,g         8
  PFDL_Open
                                  000351ba         0   none ,g         0
  _PFDL_Execute
                                  000351d5         0   none ,g         b
  PFDL_Execute
                                  000351d5         0   none ,g         0
  PFDL_Execute_firmware
                                  0003520b         0   none ,l         1
  PFDL_Execute_erase
                                  00035215         0   none ,l         1
  PFDL_Execute_read
                                  00035226         0   none ,l         1
  PFDL_Execute_read_next
                                  0003522a         0   none ,l         1
  PFDL_Execute_exit
                                  00035235         0   none ,l         1
  _PFDL_Handler
                                  00035236         0   none ,g        13
  PFDL_Handler
                                  00035236         0   none ,g         0
  _PFDL_Close
                                  0003523c         0   none ,g         7
  PFDL_Close
                                  0003523c         0   none ,g         0

SECTION=EMText_f
FILE=Release\em_cstart.obj
                                  00035248  00035276        2f
  _em_cstart
                                  00035248         0   none ,g         1
FILE=Release\em_run_on_ram.obj
                                  00035277  00035304        8e
  _EM_RunOnRam_PrepareFunctions
                                  00035277        54   func ,g         1
  _EM_RunOnRam_DisableInterruptsExceptMetrology
                                  000352cb        19   func ,g         1
  _EM_RunOnRam_NonStopBankSwap
                                  000352e4        21   func ,g         0
FILE=em_calibration
                                  00035305  00035cb1       9ad
  _EM_UpdateThresholdAndNoLoad@1
                                  00035305        36   func ,l         2
  _EM_CalculateRMSThreshold@1
                                  0003533b        15   func ,l         3
  _EM_CalculateSampleThresholdOfPeakRms@1
                                  00035350        35   func ,l         4
  _EM_GetCalibInfo
                                  00035385         b   func ,g         2
  _EM_SetCalibInfo
                                  00035390       66f   func ,g         2
  _EM_CalibInitiate
                                  000359ff       258   func ,g         0
  _EM_CalibRun
                                  00035c57        52   func ,g         0
  _EM_RTC_CalibInterruptCallback
                                  00035ca9         9   func ,g         0
FILE=em_operation
                                  00035cb2  000366a0       9ef
  _EM_Memset
                                  00035cb2        20   func ,g         8
  _EM_Round
                                  00035cd2        f8   func ,g         a
  _EM_InitData
                                  00035dca        34   func ,g         1
  _EM_Init
                                  00035dfe       414   func ,g         1
  _EM_Start
                                  00036212        d4   func ,g         2
  _EM_Stop
                                  000362e6        3b   func ,g         1
  _EM_GetSystemState
                                  00036321         4   func ,g         0
  _EM_GetStatus
                                  00036325         4   func ,g         0
  _EM_GetEnergyAccumulationMode
                                  00036329         4   func ,g         0
  _EM_SetEnergyAccumulationMode
                                  0003632d         a   func ,g         0
  _EM_SetEnergyAccumulationPower
                                  00036337        70   func ,g         1
  _EM_GetOperationData
                                  000363a7       12c   func ,g         1
  _EM_SetOperationData
                                  000364d3       1ce   func ,g         1
FILE=em_shared
                                  000366a1  000366ae         e
  _EM_TIMER_InterruptCallback
                                  000366a1         e   func ,g         1
FILE=em_sw
                                  000366af  00037870      11c2
  _EM_SoftwareUpdateIrmsNoLoadAndValue@1
                                  000366af       13f   func ,l         4
  _EM_SoftwareUpdatePowerAccumulation@1
                                  000367ee       208   func ,l         2
  _EM_SofwareCalculateEnergyAccumulationStep
                                  000369f6        40   func ,g         3
  _EM_SoftwareFindPowerQuadrant
                                  00036a36        2d   func ,g         1
  _EM_SoftwareCheckBetterCurrentChannel
                                  00036a63       12f   func ,g         1
  _EM_SoftwareAccumulationProcessingRoutine
                                  00036b92       29b   func ,g         1
  _EM_SoftwareEnergyAndPulseAccumulationRoutine
                                  00036e2d       6ba   func ,g         1
  _EM_ADC_IntervalProcessing
                                  000374e7       38a   func ,g         1
FILE=em_measurement
                                  00037871  00038387       b17
  _EM_GetActivePower
                                  00037871        52   func ,g         1
  _EM_GetFundamentalActivePower
                                  000378c3        52   func ,g         0
  _EM_GetReactivePower
                                  00037915        52   func ,g         1
  _EM_GetApparentPower
                                  00037967        52   func ,g         1
  _EM_OneEnergyDataToEnergyValue
                                  000379b9       142   func ,g         8
  _EM_OneEnergyValueToEnergyData
                                  00037afb       149   func ,g         8
  _EM_AddOneEnergyData
                                  00037c44        82   func ,g         8
  _EM_EnergyDataToEnergyValue
                                  00037cc6       172   func ,g         0
  _EM_EnergyValueToEnergyData
                                  00037e38       173   func ,g         0
  _EM_AddEnergyData
                                  00037fab        b7   func ,g         0
  _EM_GetVoltageRMS
                                  00038062        42   func ,g         0
  _EM_GetCurrentRMS
                                  000380a4       135   func ,g         2
  _EM_GetPowerFactor
                                  000381d9        d0   func ,g         0
  _EM_GetPowerFactorSign
                                  000382a9        8b   func ,g         0
  _EM_GetLineFrequency
                                  00038334        50   func ,g         2
  _EM_GetRMSLine
                                  00038384         4   func ,g         0
FILE=em_accumulation
                                  00038388  000383d5        4e
  _EM_ACC24_Add
                                  00038388        3b   func ,g         3
  _EM_ACC24_GetFloatValue
                                  000383c3        13   func ,g         1

SECTION=EMTextI_f
FILE=Release\em_call_linking.obj
                                  000383d6  000383e3         e
  _EM_ForceLinking
                                  000383d6         e   func ,g         1
FILE=em_calib_sampling
                                  000383e4  00039097       cb4
  _em_calib_reset_common_data@1
                                  000383e4         d   func ,l         4
  _em_calib_lookup_derivation@1
                                  000383f1        74   func ,l         3
  _em_calib_wait_for_signal_stable@1
                                  00038465        32   func ,l         5
  _em_calib_calculate_acc_signals@1
                                  00038497        45   func ,l         3
  _em_calib_calculate_angle_error@1
                                  000384dc       41f   func ,l         2
  _EM_InternalCalibrationStart
                                  000388fb        3d   func ,g         1
  _EM_InternalCalibrationStop
                                  00038938         8   func ,g         2
  _EM_InternalCalibrationProcessing
                                  00038940       425   func ,g         1
  _EM_InternalCalibrationSamplingRoutine
                                  00038d65       2d3   func ,g         1
  _EM_InternalCalibrationRtcInterruptCallback
                                  00039038        60   func ,g         1
FILE=em_sw_internal
                                  00039098  00039603       56c
  _EM_SoftwareGainSwitch
                                  00039098       1a0   func ,g         1
  _EM_SoftwareSagSwell
                                  00039238       142   func ,g         1
  _EM_SoftwareUpdateSagSwellDetection
                                  0003937a        4d   func ,g         2
  _EM_SoftwareDelayPhaseShift90
                                  000393c7        b6   func ,g         1
  _EM_SoftwareUpdatePhaseShift90
                                  0003947d       10c   func ,g         1
  _EM_SoftwareUpdatePhaseCompensation
                                  00039589        41   func ,g         2
  _EM_SoftwareGetAccumulatorValue
                                  000395ca         9   func ,g        13
  _EM_SoftwareGetDefaultNumberOfSample
                                  000395d3        31   func ,g         1

SECTION=.textf
FILE=Release\em_main.obj
                                  00039604  00039718       115
  _config_data_load@1
                                  00039604        78   func ,l         1
  _em_energy_data_load@1
                                  0003967c         e   func ,l         1
  _em_startup
                                  0003968a        76   func ,g         1
  _em_main
                                  00039700        19   func ,g         1
FILE=Release\dataflash.obj
                                  00039719  00039ca0       588
  _DATAFLASH_ReadHeaderStatus@1
                                  00039719        51   func ,l         5
  _DATAFLASH_ReadHeaderCRC@1
                                  0003976a        53   func ,l         1
  _DATAFLASH_CalculateCRC@1
                                  000397bd        a5   func ,l         2
  _DATAFLASH_InternalRead@1
                                  00039862        49   func ,l         1
  _DATAFLASH_Init
                                  000398ab        1f   func ,g         1
  _DATAFLASH_VerifyStatus
                                  000398ca        2a   func ,g         1
  _DATAFLASH_VerifyCRC
                                  000398f4        6d   func ,g         2
  _DATAFLASH_Read
                                  00039961        8b   func ,g         8
  _DATAFLASH_Write
                                  000399ec       25f   func ,g         8
  _DATAFLASH_BankErase
                                  00039c4b        56   func ,g         4
FILE=Release\r_drv_lcd_ext.obj
                                  00039ca1  00039dd9       139
  _LCD_GetRamSize
                                  00039ca1         4   func ,g         0
  _LCD_RamClearAll
                                  00039ca5        1f   func ,g         1
  _LCD_RamSetAll
                                  00039cc4        1f   func ,g         1
  _LCD_GetNumInfo
                                  00039ce3        5f   func ,g         2
  _LCD_GetSignInfo
                                  00039d42        40   func ,g         2
  _LCD_WriteRAMDigitInfo
                                  00039d82        22   func ,g         1
  _LCD_ClearRAMDigitInfo
                                  00039da4        22   func ,g         1
  _LCD_WriteRAMSignInfo
                                  00039dc6         a   func ,g         1
  _LCD_ClearRAMSignInfo
                                  00039dd0         a   func ,g         1
FILE=Release\r_lcd_display.obj
                                  00039dda  00039ee8       10f
  _LCD_DisplayAll
                                  00039dda         5   func ,g         0
  _LCD_ClearAll
                                  00039ddf         5   func ,g         0
  _LCD_DisplayDigit
                                  00039de4        47   func ,g         0
  _LCD_ClearDigit
                                  00039e2b        38   func ,g         1
  _LCD_DisplaySpSign
                                  00039e63        42   func ,g         0
  _LCD_ClearSpSign
                                  00039ea5        44   func ,g         0
FILE=Release\eeprom.obj
                                  00039ee9  0003a207       31f
  _EPR_Init
                                  00039ee9         e   func ,g         1
  _EPR_Read
                                  00039ef7        cf   func ,g         1
  _EPR_Write
                                  00039fc6        f8   func ,g         3
  _EPR_SendEndCallback
                                  0003a0be         4   func ,g         1
  _EPR_ReceiveEndCallback
                                  0003a0c2         4   func ,g         1
  _fill_with_0x00
                                  0003a0c6        17   func ,g         1
  _EEPROM_Erase
                                  0003a0dd        9f   func ,g         0
  _EEPROM_Erase_All
                                  0003a17c        8c   func ,g         0
FILE=Release\config_storage.obj
                                  0003a208  0003a8dc       6d5
  _CONFIG_ReadStorageHeader@1
                                  0003a208        2d   func ,l         3
  _CONFIG_UpdateStorageHeader@1
                                  0003a235        25   func ,l         2
  _CONFIG_CalculateCRC16@1
                                  0003a25a        74   func ,l         1
  _CONFIG_Init
                                  0003a2ce        41   func ,g         1
  _CONFIG_BackupCalib@1
                                  0003a30f       1ce   func ,l         2
  _convert_default_gain_reg_value@1
                                  0003a4dd        44   func ,l         1
  _CONFIG_Format
                                  0003a521        9c   func ,g         1
  _CONFIG_Backup
                                  0003a5bd        73   func ,g         0
  _CONFIG_Restore
                                  0003a630        7f   func ,g         1
  _CONFIG_LoadEMCalib
                                  0003a6af       15d   func ,g         2
  _CONFIG_EnableCRCChecking
                                  0003a80c         4   func ,g         0
  _CONFIG_DisableCRCChecking
                                  0003a810         4   func ,g         0
  _CONFIG_PollingProcessing
                                  0003a814        b5   func ,g         0
  _CONFIG_RtcCallback
                                  0003a8c9        14   func ,g         0
FILE=Release\storage_em.obj
                                  0003a8dd  0003a95b        7f
  _STORAGE_EM_Format
                                  0003a8dd        26   func ,g         0
  _STORAGE_EM_Restore
                                  0003a903        17   func ,g         1
  _STORAGE_EM_Backup
                                  0003a91a        1a   func ,g         0
  _STORAGE_EM_GetEnergyData
                                  0003a934        14   func ,g         1
  _STORAGE_EM_SetEnergyData
                                  0003a948        14   func ,g         2
FILE=Release\wrp_app_iic.obj
                                  0003a95c  0003a9f6        9b
  _WRP_IIC_Init
                                  0003a95c         1   func ,g         1
  _WRP_IIC_SendStart
                                  0003a95d         d   func ,g         2
  _WRP_IIC_ReceiveStart
                                  0003a96a         d   func ,g         1
  _WRP_IIC_PollingWriteCycleStatus
                                  0003a977        76   func ,g         0
  _WRP_IIC_SendEndCallback
                                  0003a9ed         5   func ,g         1
  _WRP_IIC_ReceiveEndCallback
                                  0003a9f2         5   func ,g         1
FILE=Release\wrp_app_mcu.obj
                                  0003a9f7  0003aa90        9a
  _MCU_Delay
                                  0003a9f7        8f   func ,g        19
  _MCU_MultipleInterruptEnable
                                  0003aa86         b   func ,g         1
FILE=Release\r_cg_12adc.obj
                                  0003aa91  0003abae       11e
  _R_12ADC_Create
                                  0003aa91        b5   func ,g         1
  _R_12ADC_Start
                                  0003ab46         e   func ,g         0
  _R_12ADC_Stop
                                  0003ab54         e   func ,g         0
  _R_12ADC_Get_ValueResult
                                  0003ab62        4d   func ,g         0
FILE=Release\r_cg_cgc.obj
                                  0003abaf  0003acce       120
  _R_CGC_Create
                                  0003abaf        c0   func ,g         1
  _R_CGC_FclkUseFsub
                                  0003ac6f         a   func ,g         0
  _R_CGC_FclkUseFih
                                  0003ac79        19   func ,g         0
  _R_CGC_OnHocoChanged@1
                                  0003ac92         9   func ,l         3
  _R_CGC_OperateAt24MHz
                                  0003ac9b        11   func ,g         0
  _R_CGC_OperateAt12MHz
                                  0003acac        11   func ,g         0
  _R_CGC_OperateAt6MHz
                                  0003acbd        12   func ,g         0
FILE=Release\r_cg_crc.obj
                                  0003accf  0003ace9        1b
  _R_CRC_Clear
                                  0003accf         5   func ,g         2
  _R_CRC_Set
                                  0003acd4         4   func ,g         0
  _R_CRC_GetResult
                                  0003acd8         4   func ,g         2
  _R_CRC_Calculate
                                  0003acdc         e   func ,g         8
FILE=Release\r_cg_dsadc.obj
                                  0003acea  0003b192       4a9
  _R_DSADC_Create
                                  0003acea        3d   func ,g         2
  _R_DSADC_WaitInternalSetupTime@1
                                  0003ad27        13   func ,l         8
  _R_DSADC_Start
                                  0003ad3a        2a   func ,g         1
  _R_DSADC_Stop
                                  0003ad64        19   func ,g         1
  _R_DSADC_Set_OperationOn
                                  0003ad7d         f   func ,g         0
  _R_DSADC_Set_OperationOff
                                  0003ad8c         f   func ,g         0
  _R_DSADC_Channel0_Get_Result
                                  0003ad9b        14   func ,g         0
  _R_DSADC_Channel1_Get_Result
                                  0003adaf        14   func ,g         0
  _R_DSADC_Channel2_Get_Result
                                  0003adc3        14   func ,g         0
  _R_DSADC_StartWithoutGainAndPhase
                                  0003add7        52   func ,g         0
  _R_DSADC_StartChannel0Only
                                  0003ae29        2d   func ,g         0
  _R_DSADC_StartChannel1Only
                                  0003ae56        2d   func ,g         0
  _R_DSADC_StartChannel2Only
                                  0003ae83        2d   func ,g         0
  _R_DSADC_StartChannel3Only
                                  0003aeb0        2d   func ,g         0
  _R_DSADC_StartAllChannels
                                  0003aedd        13   func ,g         0
  _R_DSADC_StartCurrentChannels
                                  0003aef0        56   func ,g         0
  _R_DSADC_StopChannel
                                  0003af46        1d   func ,g         0
  _R_DSADC_BackupPhaseRegSetting
                                  0003af63        17   func ,g         0
  _R_DSADC_RestorePhaseRegSetting
                                  0003af7a        17   func ,g         0
  _R_DSADC_SetHighPassFilterOff
                                  0003af91        33   func ,g         0
  _R_DSADC_SetHighPassFilterOn
                                  0003afc4        33   func ,g         3
  _R_DSADC_Set_CutOffFrequency
                                  0003aff7        1d   func ,g         1
  _R_DSADC_AdjustPhaseDelay
                                  0003b014        32   func ,g         1
  _R_DSADC_GetGainAndPhase
                                  0003b046        1b   func ,g         3
  _R_DSADC_SetGainAndPhase
                                  0003b061        1b   func ,g         1
  _R_DSADC_SetGain
                                  0003b07c         b   func ,g         2
  _R_DSADC_SetChannelGain
                                  0003b087        57   func ,g         3
  _R_DSADC_GetGainEnumValue
                                  0003b0de        27   func ,g         2
  _R_DSADC_GetChannelGain
                                  0003b105        52   func ,g         0
  _R_DSADC_GetChannelPhase
                                  0003b157        12   func ,g         0
  _R_DSADC_ClearGainSetting
                                  0003b169        2a   func ,g         0
FILE=Release\r_cg_dsadc_user.obj
                                  0003b193  0003b1ac        1a
  _r_dsadc_interrupt
                                  0003b193        1a   func ,g         1
FILE=Release\r_cg_iica.obj
                                  0003b1ad  0003b2f5       149
  _R_IICA0_Create
                                  0003b1ad        59   func ,g         1
  _R_IICA0_Reset
                                  0003b206         6   func ,g         0
  _R_IICA0_Stop
                                  0003b20c         6   func ,g         0
  _R_IICA0_StopCondition
                                  0003b212         6   func ,g         0
  _R_IICA0_Master_Send
                                  0003b218        48   func ,g         1
  _R_IICA0_Master_Receive
                                  0003b260        4c   func ,g         1
  _R_IICA0_Start
                                  0003b2ac         b   func ,g         0
  _R_IICA0_SetTransClockAt6MHz
                                  0003b2b7        15   func ,g         1
  _R_IICA0_SetTransClockAt12MHz
                                  0003b2cc        15   func ,g         1
  _R_IICA0_SetTransClockAt24MHz
                                  0003b2e1        15   func ,g         1
FILE=Release\r_cg_iica_user.obj
                                  0003b2f6  0003b3b8        c3
  _r_iica0_interrupt
                                  0003b2f6        21   func ,g         1
  _iica0_masterhandler@1
                                  0003b317        8d   func ,l         1
  _r_iica0_callback_master_error@1
                                  0003b3a4         1   func ,l         1
  _r_iica0_callback_master_receiveend@1
                                  0003b3a5         a   func ,l         1
  _r_iica0_callback_master_sendend@1
                                  0003b3af         a   func ,l         1
FILE=Release\r_cg_intp.obj
                                  0003b3b9  0003b4a7        ef
  _R_INTC_Create
                                  0003b3b9        a9   func ,g         1
  _R_INTC1_Start
                                  0003b462         7   func ,g         0
  _R_INTC1_Stop
                                  0003b469         7   func ,g         0
  _R_INTC3_Start
                                  0003b470         7   func ,g         0
  _R_INTC3_Stop
                                  0003b477         7   func ,g         0
  _R_INTRTCIC0_Start
                                  0003b47e         7   func ,g         0
  _R_INTRTCIC0_Stop
                                  0003b485         7   func ,g         0
  _R_INTRTCIC1_Start
                                  0003b48c         7   func ,g         0
  _R_INTRTCIC1_Stop
                                  0003b493         7   func ,g         0
  _R_INTRTCIC2_Start
                                  0003b49a         7   func ,g         0
  _R_INTRTCIC2_Stop
                                  0003b4a1         7   func ,g         0
FILE=Release\r_cg_lcd.obj
                                  0003b4a8  0003b5fe       157
  _R_LCD_Create
                                  0003b4a8        a6   func ,g         1
  _R_LCD_Start
                                  0003b54e         4   func ,g         0
  _R_LCD_Stop
                                  0003b552         4   func ,g         0
  _R_LCD_Voltage_On
                                  0003b556        38   func ,g         0
  _R_LCD_Voltage_Off
                                  0003b58e         f   func ,g         0
  _R_LCD_PowerOff
                                  0003b59d        11   func ,g         0
  _R_LCD_PowerOn
                                  0003b5ae        51   func ,g         0
FILE=Release\r_cg_lvd.obj
                                  0003b5ff  0003b6ae        b0
  _R_LVD_Create
                                  0003b5ff        39   func ,g         1
  _R_LVD_Start_VDD
                                  0003b638         b   func ,g         0
  _R_LVD_Stop_VDD
                                  0003b643         c   func ,g         0
  _R_LVD_Start_VBAT
                                  0003b64f         b   func ,g         0
  _R_LVD_Stop_VBAT
                                  0003b65a         c   func ,g         0
  _R_LVD_Start_VRTC
                                  0003b666         b   func ,g         1
  _R_LVD_Stop_VRTC
                                  0003b671         c   func ,g         0
  _R_LVD_Start_EXLVD
                                  0003b67d        19   func ,g         0
  _R_LVD_Stop_EXLVD
                                  0003b696        19   func ,g         0
FILE=Release\r_cg_mac32bit.obj
                                  0003b6af  0003b6c4        16
  _R_MAC32Bit_Create
                                  0003b6af        16   func ,g         1
FILE=Release\r_cg_mac32bit_user.obj
                                  0003b6c5  0003b6c6         2
  _r_mac32bit_interrupt_flow
                                  0003b6c5         2   func ,g         1
FILE=Release\r_cg_port.obj
                                  0003b6c7  0003b73e        78
  _R_PORT_Create
                                  0003b6c7        61   func ,g         1
  _R_PORT_StopCreate
                                  0003b728        17   func ,g         0
FILE=Release\r_cg_rtc.obj
                                  0003b73f  0003c32b       bed
  _R_RTC_Create
                                  0003b73f       19d   func ,g         1
  _R_RTC_Start
                                  0003b8dc        14   func ,g         0
  _R_RTC_Stop
                                  0003b8f0        14   func ,g         0
  _R_RTC_Set_CalendarCounterValue
                                  0003b904        bd   func ,g         0
  _R_RTC_Get_CalendarCounterValue
                                  0003b9c1        4d   func ,g         0
  _R_RTC_Set_CalendarAlarm0On
                                  0003ba0e        9f   func ,g         0
  _R_RTC_Set_CalendarAlarm1On
                                  0003baad        9f   func ,g         0
  _R_RTC_Set_Alarm0Off
                                  0003bb4c        3c   func ,g         0
  _R_RTC_Set_Alarm1Off
                                  0003bb88        3c   func ,g         0
  _R_RTC_Set_CalendarAlarm0Value
                                  0003bbc4        50   func ,g         0
  _R_RTC_Set_CalendarAlarm1Value
                                  0003bc14        4c   func ,g         0
  _R_RTC_Get_CalendarAlarm0Value
                                  0003bc60        3d   func ,g         0
  _R_RTC_Get_CalendarAlarm1Value
                                  0003bc9d        3a   func ,g         0
  _R_RTC_Set_ConstPeriodInterruptOn
                                  0003bcd7        2a   func ,g         0
  _R_RTC_Set_ConstPeriodInterruptOff
                                  0003bd01         b   func ,g         0
  _R_RTC_Set_RTCOUTOn
                                  0003bd0c        12   func ,g         0
  _R_RTC_Set_RTCOUTOff
                                  0003bd1e        12   func ,g         0
  _R_RTC_Restart
                                  0003bd30       21f   func ,g         0
  _R_RTC_RestartTimeCapture0
                                  0003bf4f        66   func ,g         0
  _R_RTC_RestartTimeCapture1
                                  0003bfb5        68   func ,g         0
  _R_RTC_RestartTimeCapture2
                                  0003c01d        68   func ,g         0
  _R_RTC_Get_TimeCapture0Value
                                  0003c085        5f   func ,g         0
  _R_RTC_Get_TimeCapture1Value
                                  0003c0e4        29   func ,g         0
  _R_RTC_Get_TimeCapture2Value
                                  0003c10d        29   func ,g         0
  _R_RTC_Get_RADJ_Waittime
                                  0003c136        1e   func ,g         2
  _R_RTC_Compensate
                                  0003c154       192   func ,g         0
  _R_RTC_StopCompensation
                                  0003c2e6        46   func ,g         0
FILE=Release\r_cg_sau.obj
                                  0003c32c  0003c7a6       47b
  _R_SAU0_Create
                                  0003c32c        17   func ,g         1
  _R_UART0_Create
                                  0003c343        78   func ,g         1
  _R_UART0_Start
                                  0003c3bb        26   func ,g         0
  _R_UART0_Stop
                                  0003c3e1        1e   func ,g         0
  _R_UART0_Start_Reception
                                  0003c3ff        10   func ,g         0
  _R_UART0_Stop_Reception
                                  0003c40f        10   func ,g         0
  _R_UART0_Receive
                                  0003c41f        18   func ,g         0
  _R_UART0_Send
                                  0003c437        27   func ,g         0
  _R_SAU1_Create
                                  0003c45e        1a   func ,g         1
  _R_UART2_Create
                                  0003c478        8a   func ,g         1
  _R_UART2_Start
                                  0003c502        26   func ,g         0
  _R_UART2_Stop
                                  0003c528        1e   func ,g         0
  _R_UART2_Start_Reception
                                  0003c546        10   func ,g         0
  _R_UART2_Stop_Reception
                                  0003c556        10   func ,g         0
  _R_UART2_Receive
                                  0003c566        18   func ,g         0
  _R_UART2_Send
                                  0003c57e        27   func ,g         0
  _R_CSI30_Create
                                  0003c5a5        73   func ,g         1
  _R_CSI30_Start
                                  0003c618        26   func ,g         0
  _R_CSI30_Stop
                                  0003c63e        18   func ,g         0
  _R_CSI30_Send_Receive
                                  0003c656        35   func ,g         0
  _R_UART_CalculateSPS@1
                                  0003c68b        56   func ,l         2
  _R_UART0_CheckOperating
                                  0003c6e1        11   func ,g         0
  _R_UART0_SetBaudRate
                                  0003c6f2        24   func ,g         2
  _R_UART0_OnHocoChanged
                                  0003c716         7   func ,g         1
  _R_UART0_SetConfig
                                  0003c71d        27   func ,g         0
  _R_UART2_CheckOperating
                                  0003c744        11   func ,g         0
  _R_UART2_SetBaudRate
                                  0003c755        24   func ,g         2
  _R_UART2_OnHocoChanged
                                  0003c779         7   func ,g         1
  _R_UART2_SetConfig
                                  0003c780        27   func ,g         0
FILE=Release\r_cg_systeminit.obj
                                  0003c7a7  0003c7f5        4f
  _R_Systeminit
                                  0003c7a7        48   func ,g         1
  _hdwinit
                                  0003c7ef         7   func ,g         1
FILE=Release\r_cg_tau.obj
                                  0003c7f6  0003c8fb       106
  _R_TAU0_Create
                                  0003c7f6        aa   func ,g         1
  _R_TAU0_Channel0_Start
                                  0003c8a0        10   func ,g         0
  _R_TAU0_Channel0_Stop
                                  0003c8b0        10   func ,g         0
  _R_TAU0_Channel2_Start
                                  0003c8c0        10   func ,g         1
  _R_TAU0_Channel2_Stop
                                  0003c8d0        10   func ,g         1
  _R_TAU0_IsChannelRunning
                                  0003c8e0        1c   func ,g         0
FILE=Release\r_cg_tmps.obj
                                  0003c8fc  0003c93d        42
  _R_TMPS_Create
                                  0003c8fc        24   func ,g         1
  _R_TMPS_Start
                                  0003c920        18   func ,g         0
  _R_TMPS_Stop
                                  0003c938         6   func ,g         0
FILE=Release\r_cg_wdt.obj
                                  0003c93e  0003c948         b
  _R_WDT_Create
                                  0003c93e         7   func ,g         2
  _R_WDT_Restart
                                  0003c945         4   func ,g         a
FILE=Release\wrp_em_adc.obj
                                  0003c949  0003cb0c       1c4
  _EM_ADC_GainPhaseSet@1
                                  0003c949        15   func ,l         3
  _EM_ADC_GainNeutralSet@1
                                  0003c95e        15   func ,l         3
  _EM_ADC_DoNoisyBitMasking@1
                                  0003c973         1   func ,l         1
  _EM_ADC_Init
                                  0003c974         1   func ,g         1
  _EM_ADC_Start
                                  0003c975        25   func ,g         1
  _EM_ADC_Stop
                                  0003c99a         5   func ,g         3
  _EM_ADC_InterruptCallback
                                  0003c99f        87   func ,g         1
  _EM_ADC_GainReset
                                  0003ca26        15   func ,g         4
  _EM_ADC_GainIncrease
                                  0003ca3b        23   func ,g         4
  _EM_ADC_GainDecrease
                                  0003ca5e        23   func ,g         2
  _EM_ADC_GainGetLevel
                                  0003ca81        11   func ,g         4
  _EM_ADC_SetGainValue
                                  0003ca92        1d   func ,g         2
  _EM_ADC_SetPhaseCorrection
                                  0003caaf        5e   func ,g         4
FILE=Release\wrp_em_mcu.obj
                                  0003cb0d  0003cb16         a
  _EM_MCU_Delay
                                  0003cb0d         5   func ,g         1
  _EM_MCU_MultipleInterruptEnable
                                  0003cb12         5   func ,g         1
FILE=Release\wrp_em_pulse.obj
                                  0003cb17  0003cb29        13
  _EM_PULSE_Init
                                  0003cb17         1   func ,g         1
  _EM_PULSE_ACTIVE_On
                                  0003cb18         4   func ,g         1
  _EM_PULSE_ACTIVE_Off
                                  0003cb1c         4   func ,g         3
  _EM_PULSE_REACTIVE_On
                                  0003cb20         4   func ,g         1
  _EM_PULSE_REACTIVE_Off
                                  0003cb24         4   func ,g         3
  _EM_PULSE_APPARENT_On
                                  0003cb28         1   func ,g         1
  _EM_PULSE_APPARENT_Off
                                  0003cb29         1   func ,g         3
FILE=Release\wrp_em_sw_property.obj
                                  0003cb2a  0003cb3a        11
  _EM_SW_GetProperty
                                  0003cb2a        11   func ,g         1
FILE=Release\wrp_em_timer.obj
                                  0003cb3b  0003cb45         b
  _EM_TIMER_Init
                                  0003cb3b         1   func ,g         1
  _EM_TIMER_Start
                                  0003cb3c         5   func ,g         2
  _EM_TIMER_Stop
                                  0003cb41         5   func ,g         4
FILE=Release\wrp_em_wdt.obj
                                  0003cb46  0003cb51         c
  _EM_WDT_Init
                                  0003cb46         5   func ,g         1
  _EM_WDT_Start
                                  0003cb4b         1   func ,g         1
  _EM_WDT_Stop
                                  0003cb4c         1   func ,g         2
  _EM_WDT_Restart
                                  0003cb4d         5   func ,g         9
FILE=Release\r_cg_tau_user_em.obj
                                  0003cb52  0003cb7f        2e
  _r_tau0_channel2_interrupt
                                  0003cb52        2e   func ,g         1
FILE=rl78_sw_dc_correction_phase_01
                                  0003cb80  0003cef6       377
  _R_DC_Imunity_Reset_Phase_1
                                  0003cb80         7   func ,g         1
  _R_DC_Imunity_Calc_Phase_1
                                  0003cb87       2f0   func ,g         1
  _R_DC_Imunity_Apply_Phase_1
                                  0003ce77        80   func ,g         0
FILE=rl78_sw_dc_correction_config_default_f
                                  0003cef7  0003cf33        3d
  _R_DC_Imunity_Init_f
                                  0003cef7        3d   func ,g         1
FILE=r_dscl_iirbiquad_i32_onestage_cc
                                  0003cf34  0003d10d       1da
  _R_DSCL_IIRBiquad_i32i32_c_nr_shift_buffer1@1
                                  0003cf34        2b   func ,l         0
  _R_DSCL_IIRBiquad_i32i32_c_nr_calculate1@1
                                  0003cf5f        8c   func ,l         0
  _R_DSCL_IIRBiquad_i32i32_c_nr_shift1@1
                                  0003cfeb        23   func ,l         0
  _R_DSCL_IIRBiquad_i32i32_c_nr_copy_output@1
                                  0003d00e         9   func ,l         0
  _R_DSCL_IIRBiquad_i32i32_onestage_c_nr
                                  0003d017        e1   func ,g         1
  _R_DSCL_IIRBiquad_i32i32_onestage_Reset
                                  0003d0f8        16   func ,g         1
FILE=r_dscl_iirbiquad_i32_onestage_cc2
                                  0003d10e  0003d2e7       1da
  _R_DSCL_IIRBiquad_i32i32_c_nr_shift_buffer1@1
                                  0003d10e        2b   func ,l         0
  _R_DSCL_IIRBiquad_i32i32_c_nr_calculate1@1
                                  0003d139        8c   func ,l         0
  _R_DSCL_IIRBiquad_i32i32_c_nr_shift1@1
                                  0003d1c5        23   func ,l         0
  _R_DSCL_IIRBiquad_i32i32_c_nr_copy_output@1
                                  0003d1e8         9   func ,l         0
  _R_DSCL_IIRBiquad_i32i32_onestage_c_nr2
                                  0003d1f1        e1   func ,g         1
  _R_DSCL_IIRBiquad_i32i32_onestage_Reset2
                                  0003d2d2        16   func ,g         1
FILE=rl78_sw_dc_correction_config
                                  0003d2e8  0003d33a        53
  _R_DC_Imunity_Reset_Channel
                                  0003d2e8        53   func ,g         1

SECTION=EMRamTx_f
FILE=Release\em_run_on_ram.obj
                                  0003d33b  0003d365        2b
FILE=em_sw_ram
                                  0003d366  0003d966       601

SECTION=WrpRamTx_f
FILE=Release\wrp_em_adc_ram.obj
                                  0003d967  0003d9ac        46

SECTION=.RLIB
FILE=memcpy
                                  0003d9ad  0003d9bd        11
  _memcpy
                                  0003d9ad         0   none ,g         a
FILE=_COM_faddsub
                                  0003d9be  0003daf8       13b
  __COM_fsub
                                  0003da1a         0   none ,g         3
  __COM_fadd
                                  0003da22         0   none ,g        15
FILE=_COM_fdiv
                                  0003daf9  0003dc26       12e
  __COM_fdiv
                                  0003db58         0   none ,g        3b
FILE=_COM_fgt
                                  0003dc27  0003dc3c        16
  __COM_fgt
                                  0003dc27         0   none ,g         b
FILE=_COM_fle
                                  0003dc3d  0003dc52        16
  __COM_fle
                                  0003dc3d         0   none ,g         c
FILE=_COM_flt
                                  0003dc53  0003dc68        16
  __COM_flt
                                  0003dc53         0   none ,g        17
FILE=_COM_fmul
                                  0003dc69  0003dd55        ed
  __COM_fmul
                                  0003dcb4         0   none ,g        33
FILE=_COM_ftoul
                                  0003dd56  0003dd61         c
  __COM_ftoul
                                  0003dd56         0   none ,g         d
FILE=_COM_funordered
                                  0003dd62  0003dd6c         b
  __COM_funordered
                                  0003dd62         0   none ,g        1b
FILE=_COM_memcpy_ff
                                  0003dd6d  0003dd8d        21
  __COM_memcpy_ff
                                  0003dd6d         0   none ,g         3
FILE=_COM_memset_f
                                  0003dd8e  0003dda2        15
  __COM_memset_f
                                  0003dd8e         0   none ,g         a
FILE=_COM_feq
                                  0003dda3  0003ddb8        16
  __COM_feq
                                  0003dda3         0   none ,g         8
FILE=_COM_fge
                                  0003ddb9  0003ddce        16
  __COM_fge
                                  0003ddb9         0   none ,g         f
FILE=_COM_fne
                                  0003ddcf  0003dddf        11
  __COM_fne
                                  0003ddcf         0   none ,g         7
FILE=_COM_ftosl
                                  0003dde0  0003dde7         8
  __COM_ftosl
                                  0003dde0         0   none ,g         3
FILE=_COM_sldiv
                                  0003dde8  0003de36        4f
  __COM_sldiv
                                  0003dded         0   none ,g         1
FILE=_COM_sltof
                                  0003de37  0003de4e        18
  __COM_sltof
                                  0003de37         0   none ,g         4
FILE=_COM_ultof
                                  0003de4f  0003de54         6
  __COM_ultof
                                  0003de4f         0   none ,g        1d
FILE=_REL_fcmp
                                  0003de55  0003de8c        38
  __REL_fcmp
                                  0003de55         0   none ,g         5
FILE=_REL_fordered_core
                                  0003de8d  0003dea8        1c
  __REL_fordered_core
                                  0003de8d         0   none ,g         6
FILE=_REL_ftol
                                  0003dea9  0003dedd        35
  __REL_ftol
                                  0003dea9         0   none ,g         2
FILE=_REL_f_inf
                                  0003dede  0003dee5         8
  __REL_f_inf
                                  0003dede         0   none ,g         6
FILE=_REL_f_norm
                                  0003dee6  0003def5        10
  __REL_f_norm
                                  0003dee6         0   none ,g         3
FILE=_REL_f_round
                                  0003def6  0003df08        13
  __REL_f_round
                                  0003def6         0   none ,g         5
FILE=_COM_dadd
                                  0003df09  0003e154       24c
  __COM_dadd
                                  0003df60         0   none ,g         3
FILE=_COM_ddiv
                                  0003e155  0003e31b       1c7
  __COM_ddiv
                                  0003e18a         0   none ,g         2
FILE=_COM_dmul
                                  0003e31c  0003e55d       242
  __COM_dmul
                                  0003e36b         0   none ,g         2
FILE=_COM_dsub
                                  0003e55e  0003e56d        10
  __COM_dsub
                                  0003e55e         0   none ,g         2
FILE=_COM_dtof
                                  0003e56e  0003e5f4        87
  __COM_dtof
                                  0003e58c         0   none ,g         2
FILE=_COM_dtoull
                                  0003e5f5  0003e60d        19
  __COM_dtoull
                                  0003e5f5         0   none ,g         2
FILE=_COM_ftod
                                  0003e60e  0003e66d        60
  __COM_ftod
                                  0003e60e         0   none ,g         4
FILE=_COM_llmul
                                  0003e66e  0003e6b7        4a
  __COM_llmul
                                  0003e66e         0   none ,g         1
  __REL_llmul_addh
                                  0003e6a6         0   none ,g         2
FILE=_COM_lshr
                                  0003e6b8  0003e6d8        21
  __COM_lshr
                                  0003e6c2         0   none ,g         2
FILE=_COM_ulltod
                                  0003e6d9  0003e6e4         c
  __COM_ulltod
                                  0003e6d9         0   none ,g         4
FILE=_COM_ultod
                                  0003e6e5  0003e6ed         9
  __COM_ultod
                                  0003e6e5         0   none ,g         2
FILE=_REL_ltof
                                  0003e6ee  0003e737        4a
  __REL_ltof
                                  0003e6ee         0   none ,g         2
FILE=_REL_ltosl
                                  0003e738  0003e75c        25
  __REL_ltosl
                                  0003e738         0   none ,g         1
FILE=_COM_llshr
                                  0003e75d  0003e7fb        9f
  __COM_llshr
                                  0003e776         0   none ,g         3
FILE=_COM_lmul
                                  0003e7fc  0003e816        1b
  __COM_lmul
                                  0003e7fc         0   none ,g         2
FILE=_COM_mulul
                                  0003e817  0003e873        5d
  __COM_mulul
                                  0003e817         0   none ,g         5
FILE=_COM_slltof
                                  0003e874  0003e88b        18
  __COM_slltof
                                  0003e874         0   none ,g         1
FILE=_REL_dtoll
                                  0003e88c  0003e8e7        5c
  __REL_dtoll
                                  0003e88c         0   none ,g         1
FILE=_REL_d_check
                                  0003e8e8  0003e93a        53
  __REL_d_check
                                  0003e8e8         0   none ,g         3
FILE=_REL_d_inf
                                  0003e93b  0003e948         e
  __REL_d_inf
                                  0003e93b         0   none ,g         a
FILE=_REL_d_round
                                  0003e949  0003e99d        55
  __REL_d_round
                                  0003e949         0   none ,g         4
FILE=_REL_d_shl11
                                  0003e99e  0003e9ca        2d
  __REL_d_shl11
                                  0003e99e         0   none ,g         4
FILE=_REL_lltod
                                  0003e9cb  0003ea09        3f
  __REL_lltod
                                  0003e9cb         0   none ,g         1
FILE=_REL_ltod
                                  0003ea0a  0003ea5a        51
  __REL_ltod
                                  0003ea0a         0   none ,g         1
FILE=_COM_llshl
                                  0003ea5b  0003eafd        a3
  __COM_llshl
                                  0003ea74         0   none ,g         1
FILE=_COM_mului
                                  0003eafe  0003eb01         4
  __COM_mului
                                  0003eafe         0   none ,g         4
FILE=_REL_dtol
                                  0003eb02  0003eb4b        4a
  __REL_dtol
                                  0003eb02         0   none ,g         1
FILE=_REL_llrev
                                  0003eb4c  0003eb6b        20
  __REL_llrev
                                  0003eb4c         0   none ,g         1
FILE=_REL_lltof
                                  0003eb6c  0003ebc8        5d
  __REL_lltof
                                  0003eb6c         0   none ,g         1
FILE=_REL_setexp_ll
                                  0003ebc9  0003ec12        4a
  __REL_setexp_ll
                                  0003ebc9         0   none ,g         2
FILE=_REL_shrcom
                                  0003ec13  0003ec72        60
  __REL_shr00
                                  0003ec13         0   none ,g         3
  __REL_shr01
                                  0003ec19         0   none ,l         0
  __REL_shr02
                                  0003ec1f         0   none ,l         0
  __REL_shr03
                                  0003ec25         0   none ,l         0
  __REL_shr04
                                  0003ec2b         0   none ,l         0
  __REL_shr05
                                  0003ec31         0   none ,l         0
  __REL_shr06
                                  0003ec37         0   none ,l         0
  __REL_shr07
                                  0003ec3d         0   none ,l         0
  __REL_shr08
                                  0003ec43         0   none ,l         0
  __REL_shr09
                                  0003ec49         0   none ,l         0
  __REL_shr10
                                  0003ec4f         0   none ,l         0
  __REL_shr11
                                  0003ec55         0   none ,l         0
  __REL_shr12
                                  0003ec5b         0   none ,l         0
  __REL_shr13
                                  0003ec61         0   none ,l         0
  __REL_shr14
                                  0003ec67         0   none ,l         0
  __REL_shr15
                                  0003ec6d         0   none ,l         0
FILE=_REL_shlcom
                                  0003ec73  0003ecd2        60
  __REL_shl00
                                  0003ec73         0   none ,g         3
  __REL_shl01
                                  0003ec79         0   none ,l         0
  __REL_shl02
                                  0003ec7f         0   none ,l         0
  __REL_shl03
                                  0003ec85         0   none ,l         0
  __REL_shl04
                                  0003ec8b         0   none ,l         0
  __REL_shl05
                                  0003ec91         0   none ,l         0
  __REL_shl06
                                  0003ec97         0   none ,l         0
  __REL_shl07
                                  0003ec9d         0   none ,l         0
  __REL_shl08
                                  0003eca3         0   none ,l         0
  __REL_shl09
                                  0003eca9         0   none ,l         0
  __REL_shl10
                                  0003ecaf         0   none ,l         0
  __REL_shl11
                                  0003ecb5         0   none ,l         0
  __REL_shl12
                                  0003ecbb         0   none ,l         0
  __REL_shl13
                                  0003ecc1         0   none ,l         0
  __REL_shl14
                                  0003ecc7         0   none ,l         0
  __REL_shl15
                                  0003eccd         0   none ,l         0

SECTION=.SLIB
FILE=fabsf
                                  0003ecd3  0003eceb        19
  _fabsf
                                  0003ecd3         0   none ,g         b
FILE=sqrtf
                                  0003ecec  0003ef11       226
  _sqrtf
                                  0003ecec       1fa   func ,g         b
  __CommonCode@2
                                  0003eee6         1   func ,l         2
  __CommonCode@3
                                  0003eee7         4   func ,l         3
  __CommonCode@1
                                  0003eeeb         9   func ,l         2
  __CommonCode@0
                                  0003eef4        1e   func ,l         3
FILE=cosf
                                  0003ef12  0003efaa        99
  _cosf
                                  0003ef12        92   func ,g         1
  __CommonCode@0
                                  0003efa4         7   func ,l         2
FILE=_REL_sincosfsub
                                  0003efab  0003f214       26a
  __REL_poly_sinf
                                  0003efab        a5   func ,g         3
  __CommonCode@4
                                  0003f050         c   func ,l         2
  __CommonCode@3
                                  0003f05c         f   func ,l         2
  __CommonCode@1
                                  0003f06b         f   func ,l         2
  __REL_poly_cosf
                                  0003f07a        6d   func ,g         4
  __CommonCode@5
                                  0003f0e7         5   func ,l         6
  __CommonCode@2
                                  0003f0ec         c   func ,l         2
  __CommonCode@0
                                  0003f0f8         5   func ,l         3
  __REL_poly_cosfn@1
                                  0003f0fd        14   func ,l         2
  __REL_poly_sinfn@1
                                  0003f111        12   func ,l         2
  __REL_internal_sincosf
                                  0003f123        f2   func ,g         2
FILE=fmodf
                                  0003f215  0003f259        45
  _fmodf
                                  0003f215        3b   func ,g         1
  __CommonCode@0
                                  0003f250         a   func ,l         2
FILE=_REL_nanf_value
                                  0003f25a  0003f25e         5
  __REL_nanf_value
                                  0003f25a         5   func ,g         1
FILE=_REL_in_fmods
                                  0003f25f  0003f425       1c7
  __REL_in_fmods
                                  0003f25f       1a3   func ,g         1
  __CommonCode@2
                                  0003f402         7   func ,l         2
  __CommonCode@1
                                  0003f409         9   func ,l         2
  __CommonCode@0
                                  0003f412        14   func ,l         2

SECTION=.monitor2
FILE=rlink_generates_02
                                  0003fe00  0003ffff       200

SECTION=WrpRamTxR_n
FILE=Release\wrp_em_adc_ram.obj
                                  000f8500  000f8545        46
  _EM_ADC_RAM_InterruptCallback
                                  000f8500        46   func ,g         1

SECTION=EMRamTxR_n
FILE=Release\em_run_on_ram.obj
                                  000f8546  000f8570        2b
  _EM_RunOnRam_RamIsr
                                  000f8546        2b   func ,g         2
FILE=em_sw_ram
                                  000f8571  000f8b71       601
  _EM_RAM_SoftwareDelayPhaseShift90
                                  000f8571        b6   func ,g         1
  _EM_RAM_SoftwareEnergyAndPulseAccumulationRoutine
                                  000f8627       410   func ,g         1
  _EM_ADC_RAM_IntervalProcessing
                                  000f8a37       13b   func ,g         1

SECTION=Prefetch
FILE=Release\em_cstart.obj
                                  000f8b72  000f8b7b         a

SECTION=.bss
FILE=Release\em_main.obj
                                  000f8b7c  000f8b82         7
  _g_em_startup_diag
                                  000f8b7c         4   data ,g         4
    struct st_em_startup_diag {
                                                   4
      _g_em_startup_diag.em_init_status
                                  000f8b7c         1   unsigned char
      _g_em_startup_diag.config_load_status
                                  000f8b7d         1   unsigned char
      _g_em_startup_diag.energy_load_status
                                  000f8b7e         1   unsigned char
      _g_em_startup_diag.em_start_status
                                  000f8b7f         1   unsigned char
    }
  _g_reset_flag
                                  000f8b80         1   data ,g         1
  _g_porsr_flag
                                  000f8b81         1   data ,g         1
  _g_rtcporsr_flag
                                  000f8b82         1   data ,g         1
FILE=Release\dataflash.obj
                                  000f8b84  000f8b8b         8
  _g_data_flash_req
                                  000f8b84         8   data ,g        36
    struct  {
                                                   8
      _g_data_flash_req.index_u16
                                  000f8b84         2   unsigned int
      _g_data_flash_req.data_pu08
                                  000f8b86         4   [near pointer]
      _g_data_flash_req.bytecount_u16
                                  000f8b88         2   unsigned int
      _g_data_flash_req.command_enu
                                  000f8b8a         1   enum
    }
FILE=Release\config_storage.obj
                                  000f8b8c  000f8b8d         2
  _g_config_storage_interval_flag@2
                                  000f8b8c         1   data ,l         3
  _g_config_disable_CRC_checking@3
                                  000f8b8d         1   data ,l         4
FILE=Release\r_cg_dsadc.obj
                                  000f8b8e  000f8b95         8
  _g_reg_phase0@1
                                  000f8b8e         2   data ,l         2
  _g_reg_phase1@2
[...]
                                          0050(00035853:EMText_f)
                                          0050(00035c02:EMText_f)
                                          0051(00035ce4:EMText_f)
                                          0067(000382d5:EMText_f)
                                          0067(00038316:EMText_f)
                                          0075(0003ddd8:.RLIB)
                                          0123(0003f2a7:.SLIB)
0074 _COM_fge
     SECTION=.RLIB
                 __COM_fge
                                 0003ddb9 0050(000353e6:EMText_f)
                                          0050(0003545e:EMText_f)
                                          0050(0003558f:EMText_f)
                                          0051(00035d6b:EMText_f)
                                          0051(00035f7b:EMText_f)
                                          0051(00036135:EMText_f)
                                          0051(0003617d:EMText_f)
                                          0067(000382c3:EMText_f)
                                          0067(00038304:EMText_f)
                                          0068(000387c2:EMTextI_f)
                                          0068(000387f1:EMTextI_f)
                                          0068(000388c2:EMTextI_f)
                                          0069(00039543:EMTextI_f)
                                          0087(0003ef48:.SLIB)
                                          0123(0003f40f:.SLIB)
0075 _COM_fne
     SECTION=.RLIB
                 __COM_fne
                                 0003ddcf 0050(00035bd0:EMText_f)
                                          0053(00036a6f:EMText_f)
                                          0053(00036ae1:EMText_f)
                                          0068(00038576:EMTextI_f)
                                          0069(0003957a:EMTextI_f)
                                          0102(0003efb5:.SLIB)
                                          0123(0003f2c2:.SLIB)
0076 _COM_ftosl
     SECTION=.RLIB
                 __COM_ftosl
                                 0003dde0 0050(0003537f:EMText_f)
                                          0051(00035da1:EMText_f)
                                          0102(0003f171:.SLIB)
0077 _COM_sldiv
     SECTION=.RLIB
                 __COM_sldiv
                                 0003dded 0045(0003cd1b:.textf)
0078 _COM_sltof
     SECTION=.RLIB
                 __COM_sltof
                                 0003de37 0051(00035da5:EMText_f)
                                          0067(0003834e:EMText_f)
                                          0068(00038ac5:EMTextI_f)
                                          0102(0003f187:.SLIB)
0079 _COM_ultof
     SECTION=.RLIB
                 __COM_ultof
                                 0003de4f 0050(00035956:EMText_f)
                                          0050(00035964:EMText_f)
                                          0050(000359e8:EMText_f)
                                          0050(00035a7c:EMText_f)
                                          0050(00035acb:EMText_f)
                                          0053(000366ea:EMText_f)
                                          0053(000367f7:EMText_f)
                                          0053(00036bae:EMText_f)
                                          0067(00037895:EMText_f)
                                          0067(000378e7:EMText_f)
                                          0067(00037939:EMText_f)
                                          0067(0003798b:EMText_f)
                                          0067(000379df:EMText_f)
                                          0067(00038074:EMText_f)
                                          0067(000380c5:EMText_f)
                                          0067(000380ef:EMText_f)
                                          0067(00038143:EMText_f)
                                          0067(0003816d:EMText_f)
                                          0067(00038340:EMText_f)
                                          0067(00038375:EMText_f)
                                          0068(000389b0:EMTextI_f)
                                          0068(00038b69:EMTextI_f)
                                          0068(00038b97:EMTextI_f)
                                          0068(00038bf6:EMTextI_f)
                                          0068(00038c9a:EMTextI_f)
                                          0069(00039384:EMTextI_f)
                                          0069(000394a1:EMTextI_f)
                                          0069(000394cf:EMTextI_f)
                                          0069(000395f3:EMTextI_f)
0080 _REL_fcmp
     SECTION=.RLIB
                 __REL_fcmp
                                 0003de55 0058(0003dc31:.RLIB)
                                          0059(0003dc47:.RLIB)
                                          0060(0003dc5d:.RLIB)
                                          0073(0003ddad:.RLIB)
                                          0074(0003ddc3:.RLIB)
0081 _REL_fordered_core
     SECTION=.RLIB
                 __REL_fordered_core
                                 0003de8d 0058(0003dc2a:.RLIB)
                                          0059(0003dc40:.RLIB)
                                          0060(0003dc56:.RLIB)
                                          0063(0003dd65:.RLIB)
                                          0073(0003dda6:.RLIB)
                                          0074(0003ddbc:.RLIB)
0082 _REL_ftol
     SECTION=.RLIB
                 __REL_ftol
                                 0003dea9 0062(0003dd5c:.RLIB)
                                          0076(0003dde1:.RLIB)
0083 _REL_f_inf
     SECTION=.RLIB
                 __REL_f_inf
                                 0003dede 0056(0003dab1:.RLIB)
                                          0057(0003db42:.RLIB)
                                          0057(0003dbe2:.RLIB)
                                          0061(0003dc86:.RLIB)
                                          0061(0003dd29:.RLIB)
                                          0093(0003e584:.RLIB)
0084 _REL_f_norm
     SECTION=.RLIB
                 __REL_f_norm
                                 0003dee6 0057(0003db23:.RLIB)
                                          0057(0003db4e:.RLIB)
                                          0061(0003dca7:.RLIB)
0085 _REL_f_round
     SECTION=.RLIB
                 __REL_f_round
                                 0003def6 0056(0003dabe:.RLIB)
                                          0056(0003daf6:.RLIB)
                                          0057(0003dc24:.RLIB)
                                          0061(0003dd36:.RLIB)
                                          0093(0003e5f2:.RLIB)
0086 em_accumulation
     SECTION=EMText_f
                 _EM_ACC24_Add
                                 00038388 0068(00038f36:EMTextI_f)
                                          0068(00038fde:EMTextI_f)
                                          0068(00038ff6:EMTextI_f)
                 _EM_ACC24_GetFloatValue
                                 000383c3 0069(000395d0:EMTextI_f)
0087 cosf
     SECTION=.SLIB
                 _cosf
                                 0003ef12 0068(00038434:EMTextI_f)
0088 errno
     SECTION=.dataR
                 _errno
                                 000f924a 0071(0003ece8:.SLIB)
                                          0072(0003ed51:.SLIB)
                                          0072(0003ed59:.SLIB)
                                          0087(0003ef9e:.SLIB)
                                          0102(0003f13c:.SLIB)
                                          0114(0003f240:.SLIB)
     SECTION=.data
0089 _COM_dadd
     SECTION=.RLIB
                 __COM_dadd
                                 0003df60 0067(00037a2c:EMText_f)
                                          0067(00037b5e:EMText_f)
                                          0092(0003e56b:.RLIB)
0090 _COM_ddiv
     SECTION=.RLIB
                 __COM_ddiv
                                 0003e18a 0067(00037d3f:EMText_f)
                                          0067(00037eb2:EMText_f)
0091 _COM_dmul
     SECTION=.RLIB
                 __COM_dmul
                                 0003e36b 0067(00037a68:EMText_f)
                                          0067(00037b9a:EMText_f)
0092 _COM_dsub
     SECTION=.RLIB
                 __COM_dsub
                                 0003e55e 0067(00037ad5:EMText_f)
                                          0067(00037c07:EMText_f)
0093 _COM_dtof
     SECTION=.RLIB
                 __COM_dtof
                                 0003e58c 0067(00037aea:EMText_f)
                                          0067(00037c1c:EMText_f)
0094 _COM_dtoull
     SECTION=.RLIB
                 __COM_dtoull
                                 0003e5f5 0067(00037a7f:EMText_f)
                                          0067(00037bb1:EMText_f)
0095 _COM_ftod
     SECTION=.RLIB
                 __COM_ftod
                                 0003e60e 0067(00037a0b:EMText_f)
                                          0067(00037b3a:EMText_f)
                                          0067(00037ce3:EMText_f)
                                          0067(00037e8c:EMText_f)
0096 _COM_llmul
     SECTION=.RLIB
                 __COM_llmul
                                 0003e66e 0072(0003ee91:.SLIB)
                 __REL_llmul_addh
                                 0003e6a6 0096(0003e68b:.RLIB)
                                          0096(0003e6a0:.RLIB)
0097 _COM_lshr
     SECTION=.RLIB
                 __COM_lshr
                                 0003e6c2 0082(0003ded5:.RLIB)
                                          0118(0003eb43:.RLIB)
0098 _COM_ulltod
     SECTION=.RLIB
                 __COM_ulltod
                                 0003e6d9 0067(000379d3:EMText_f)
                                          0067(00037aaf:EMText_f)
                                          0067(00037b17:EMText_f)
                                          0067(00037be1:EMText_f)
0099 _COM_ultod
     SECTION=.RLIB
                 __COM_ultod
                                 0003e6e5 0067(00037d19:EMText_f)
                                          0067(00037e6f:EMText_f)
0100 _REL_ltof
     SECTION=.RLIB
                 __REL_ltof
                                 0003e6ee 0078(0003de4c:.RLIB)
                                          0079(0003de52:.RLIB)
0101 _REL_ltosl
     SECTION=.RLIB
                 __REL_ltosl
                                 0003e738 0076(0003dde5:.RLIB)
0102 _REL_sincosfsub
     SECTION=.SLIB
                 __REL_poly_sinf
                                 0003efab 0102(0003f11e:.SLIB)
                                          0102(000f924c:.dataR)
                                          0102(000f924e:.dataR)
                 __REL_poly_cosf
                                 0003f07a 0087(0003ef73:.SLIB)
                                          0102(0003f106:.SLIB)
                                          0102(000f9250:.dataR)
                                          0102(000f9252:.dataR)
                 __REL_internal_sincosf
                                 0003f123 0087(0003ef83:.SLIB)
                                          0102(0003f159:.SLIB)
     SECTION=.constf
     SECTION=.data
     SECTION=.dataR
0103 _COM_llshr
     SECTION=.RLIB
                 __COM_llshr
                                 0003e776 0089(0003e069:.RLIB)
                                          0089(0003e08c:.RLIB)
                                          0107(0003e8cf:.RLIB)
0104 _COM_lmul
     SECTION=.RLIB
                 __COM_lmul
                                 0003e7fc 0096(0003e687:.RLIB)
                                          0096(0003e69c:.RLIB)
0105 _COM_mulul
     SECTION=.RLIB
                 __COM_mulul
                                 0003e817 0091(0003e42f:.RLIB)
                                          0091(0003e444:.RLIB)
                                          0091(0003e47e:.RLIB)
                                          0091(0003e4c0:.RLIB)
                                          0096(0003e67e:.RLIB)
0106 _COM_slltof
     SECTION=.RLIB
                 __COM_slltof
                                 0003e874 0086(000383d0:EMText_f)
0107 _REL_dtoll
     SECTION=.RLIB
                 __REL_dtoll
                                 0003e88c 0094(0003e602:.RLIB)
0108 _REL_d_check
     SECTION=.RLIB
                 __REL_d_check
                                 0003e8e8 0089(0003df66:.RLIB)
                                          0090(0003e190:.RLIB)
                                          0091(0003e371:.RLIB)
0109 _REL_d_inf
     SECTION=.RLIB
                 __REL_d_inf
                                 0003e93b 0089(0003dfb4:.RLIB)
                                          0089(0003e0f0:.RLIB)
                                          0090(0003e174:.RLIB)
                                          0090(0003e225:.RLIB)
                                          0090(0003e2e8:.RLIB)
                                          0091(0003e341:.RLIB)
                                          0091(0003e356:.RLIB)
                                          0091(0003e368:.RLIB)
                                          0091(0003e418:.RLIB)
                                          0091(0003e526:.RLIB)
0110 _REL_d_round
     SECTION=.RLIB
                 __REL_d_round
                                 0003e949 0089(0003e152:.RLIB)
                                          0090(0003e319:.RLIB)
                                          0091(0003e55b:.RLIB)
                                          0112(0003e9f7:.RLIB)
0111 _REL_d_shl11
     SECTION=.RLIB
                 __REL_d_shl11
                                 0003e99e 0089(0003e030:.RLIB)
                                          0089(0003e03d:.RLIB)
                                          0091(0003e3a8:.RLIB)
                                          0091(0003e3b5:.RLIB)
0112 _REL_lltod
     SECTION=.RLIB
                 __REL_lltod
                                 0003e9cb 0098(0003e6e2:.RLIB)
0113 _REL_ltod
     SECTION=.RLIB
                 __REL_ltod
                                 0003ea0a 0099(0003e6eb:.RLIB)
0114 fmodf
     SECTION=.SLIB
                 _fmodf
                                 0003f215 0102(0003f14e:.SLIB)
0115 _REL_nanf_value
     SECTION=.SLIB
                 __REL_nanf_value
                                 0003f25a 0102(0003f13f:.SLIB)
0116 _COM_llshl
     SECTION=.RLIB
                 __COM_llshl
                                 0003ea74 0107(0003e8d7:.RLIB)
0117 _COM_mului
     SECTION=.RLIB
                 __COM_mului
                                 0003eafe 0105(0003e81d:.RLIB)
                                          0105(0003e82c:.RLIB)
                                          0105(0003e842:.RLIB)
                                          0105(0003e85f:.RLIB)
0118 _REL_dtol
     SECTION=.RLIB
                 __REL_dtol
                                 0003eb02 0107(0003e8a2:.RLIB)
0119 _REL_llrev
     SECTION=.RLIB
                 __REL_llrev
                                 0003eb4c 0106(0003e883:.RLIB)
0120 _REL_lltof
     SECTION=.RLIB
                 __REL_lltof
                                 0003eb6c 0106(0003e889:.RLIB)
0121 _REL_setexp_ll
     SECTION=.RLIB
                 __REL_setexp_ll
                                 0003ebc9 0112(0003e9e9:.RLIB)
                                          0120(0003eb82:.RLIB)
0122 _REL_shrcom
     SECTION=.RLIB
                 __REL_shr00
                                 0003ec13 0103(0003e785:.RLIB)
                                          0103(0003e78a:.RLIB)
                                          0103(0003e78f:.RLIB)
0123 _REL_in_fmods
     SECTION=.SLIB
                 __REL_in_fmods
                                 0003f25f 0114(0003f227:.SLIB)
0124 _REL_shlcom
     SECTION=.RLIB
                 __REL_shl00
                                 0003ec73 0116(0003ea83:.RLIB)
                                          0116(0003ea88:.RLIB)
                                          0116(0003ea8d:.RLIB)
0125 rlink_generates_01
     SECTION=.option_byte
0126 rlink_generates_02
     SECTION=.monitor1
     SECTION=.monitor2
0127 rlink_generates_03
     SECTION=.security_id
0128 rlink_generates_04
     SECTION=.vect
0129 rlink_generates_05
     SECTION=
                 __s.vect
                                 00000000
                 __e.vect
                                 00000080
                 __s.option_byte
                                 000000c0
                 __e.option_byte
                                 000000c4
                 __s.security_id
                                 000000c4
                 __s.monitor1
                                 000000ce
                 __e.security_id
                                 000000ce
                 __e.monitor1
                                 000000d8
                 __s.branch_table_AT34C00
                                 00034c00
                 __e.branch_table_AT34C00
                                 00034d00
                 __s.constf
                                 00034d00
                 __e.constf
                                 000350ee
                 __sEMCnst_f
                                 000350ee
                 __s.data
                                 00035176
                 __eEMCnst_f
                                 00035176
                 __e.data
                                 000351ba
                 __sPFDL_COD
                                 000351ba
                 __sEMText_f
                                 00035248
                 __ePFDL_COD
                                 00035248
                 __eEMText_f
                                 000383d6
                 __sEMTextI_f
                                 000383d6
                 __eEMTextI_f
                                 00039604
                 __s.textf
                                 00039604
                 __e.textf
                                 0003d33b
                 __sEMRamTx_f
                                 0003d33b
                 __eEMRamTx_f
                                 0003d967
                 __sWrpRamTx_f
                                 0003d967
                 __eWrpRamTx_f
                                 0003d9ad
                 __s.RLIB
                                 0003d9ad
                 __e.RLIB
                                 0003ecd3
                 __s.SLIB
                                 0003ecd3
                 __e.SLIB
                                 0003f426
                 __s.monitor2
                                 0003fe00
                 __e.monitor2
                                 00040000
                 __sWrpRamTxR_n
                                 000f8500
                 __RAM_ADDR_START
                                 000f8500
                 __eWrpRamTxR_n
                                 000f8546
                 __sEMRamTxR_n
                                 000f8546
                 __sPrefetch
                                 000f8b72
                 __eEMRamTxR_n
                                 000f8b72
                 __s.bss
                                 000f8b7c
                 __ePrefetch
                                 000f8b7c
                 __e.bss
                                 000f9218
                 __s.dataR
                                 000f9218
                 __e.dataR
                                 000f925c
                 __STACK_ADDR_END
                                 000f925c
                 __RAM_ADDR_END
                                 000fa800
                 __STACK_ADDR_START
                                 000fa800
